SQL> SET VERIFY ON
SQL> SET FEEDBACK ON
SQL> SET DEFINE ON
SQL> CLEAR SCREEN
SQL> set serveroutput on
SQL> 
SQL> COLUMN date_time NEW_VAL filename noprint;
SQL> SELECT to_char(systimestamp,'yyyy-mm-dd_hh24-mi-ssxff') date_time FROM DUAL;




1 row selected. 

SQL> spool "oracle_db_&filename..log"
SQL> 
SQL> -- Password file execution
SQL> -- @passworddefinition.sql
SQL> 
SQL> PROMPT Dropping Role ROLE_oracle_db ...
Dropping Role ROLE_oracle_db ...
SQL> DROP ROLE ROLE_oracle_db ;

Error starting at line : 16 File @ C:\Users\User\Everything\Suli\Adatb_2\Push\Adatbre_2_allaskereso\oracle_server\oracle_db\generated\2022-03-30_22-14-15\master.sql
In command -
DROP ROLE ROLE_oracle_db
Error report -
ORA-01919: a(z) 'ROLE_ORACLE_DB' szerepkör nem létezik
01919. 00000 -  "role '%s' does not exist"
*Cause:    Role by that name does not exist.
*Action:   Verify you are using the correct role name.
SQL> PROMPT Creating Role ROLE_oracle_db ...
Creating Role ROLE_oracle_db ...
SQL> CREATE ROLE ROLE_oracle_db ;

Error starting at line : 18 File @ C:\Users\User\Everything\Suli\Adatb_2\Push\Adatbre_2_allaskereso\oracle_server\oracle_db\generated\2022-03-30_22-14-15\master.sql
In command -
CREATE ROLE ROLE_oracle_db
Error report -
ORA-65096: érvénytelen közönséges felhasználónév vagy szerepnév
65096. 00000 -  "invalid common user or role name"
*Cause:    An attempt was made to create a common user or role with a name
           that was not valid for common users or roles. In addition to the
           usual rules for user and role names, common user and role names
           must consist only of ASCII characters, and must contain the prefix
           specified in common_user_prefix parameter.
*Action:   Specify a valid common user or role name.
SQL> 
SQL> -- PROMPT Drop allaskereso_db user
SQL> -- drop user allaskereso_db cascade;
SQL> 
SQL> PROMPT Create user allaskereso_db
Create user allaskereso_db
SQL> CREATE USER allaskereso_db IDENTIFIED BY &&allaskereso_db_password PASSWORD EXPIRE ACCOUNT LOCK /* DEFAULT TABLESPACE USERS  TEMPORARY TABLESPACE TEMP */;
old:CREATE USER allaskereso_db IDENTIFIED BY &&allaskereso_db_password PASSWORD EXPIRE ACCOUNT LOCK /* DEFAULT TABLESPACE USERS  TEMPORARY TABLESPACE TEMP */
new:CREATE USER allaskereso_db IDENTIFIED BY "3C4$$5OQGV5mlr0v" PASSWORD EXPIRE ACCOUNT LOCK /* DEFAULT TABLESPACE USERS  TEMPORARY TABLESPACE TEMP */

Error starting at line : 24 File @ C:\Users\User\Everything\Suli\Adatb_2\Push\Adatbre_2_allaskereso\oracle_server\oracle_db\generated\2022-03-30_22-14-15\master.sql
In command -
CREATE USER allaskereso_db IDENTIFIED BY &&allaskereso_db_password PASSWORD EXPIRE ACCOUNT LOCK /* DEFAULT TABLESPACE USERS  TEMPORARY TABLESPACE TEMP */
Error report -
ORA-65096: érvénytelen közönséges felhasználónév vagy szerepnév
65096. 00000 -  "invalid common user or role name"
*Cause:    An attempt was made to create a common user or role with a name
           that was not valid for common users or roles. In addition to the
           usual rules for user and role names, common user and role names
           must consist only of ASCII characters, and must contain the prefix
           specified in common_user_prefix parameter.
*Action:   Specify a valid common user or role name.
SQL> GRANT CREATE SESSION, RESOURCE, CREATE VIEW, CREATE MATERIALIZED VIEW, CREATE SYNONYM, UNLIMITED TABLESPACE TO allaskereso_db;

Error starting at line : 25 File @ C:\Users\User\Everything\Suli\Adatb_2\Push\Adatbre_2_allaskereso\oracle_server\oracle_db\generated\2022-03-30_22-14-15\master.sql
In command -
GRANT CREATE SESSION, RESOURCE, CREATE VIEW, CREATE MATERIALIZED VIEW, CREATE SYNONYM, UNLIMITED TABLESPACE TO allaskereso_db
Error report -
ORA-01917: a(z) 'ALLASKERESO_DB' felhasználó vagy szerepkör nem létezik
01917. 00000 -  "user or role '%s' does not exist"
*Cause:    There is not a user or role by that name.
*Action:   Re-specify the name.
SQL> 
SQL> -- PROMPT Drop Emulation user
SQL> -- drop user Emulation cascade;
SQL> 
SQL> PROMPT Create user Emulation
Create user Emulation
SQL> CREATE USER Emulation IDENTIFIED BY &&Emulation_password PASSWORD EXPIRE ACCOUNT LOCK /* DEFAULT TABLESPACE USERS  TEMPORARY TABLESPACE TEMP */;
old:CREATE USER Emulation IDENTIFIED BY &&Emulation_password PASSWORD EXPIRE ACCOUNT LOCK /* DEFAULT TABLESPACE USERS  TEMPORARY TABLESPACE TEMP */
new:CREATE USER Emulation IDENTIFIED BY "GJrxE#Cw65Y1Dr0e" PASSWORD EXPIRE ACCOUNT LOCK /* DEFAULT TABLESPACE USERS  TEMPORARY TABLESPACE TEMP */

Error starting at line : 31 File @ C:\Users\User\Everything\Suli\Adatb_2\Push\Adatbre_2_allaskereso\oracle_server\oracle_db\generated\2022-03-30_22-14-15\master.sql
In command -
CREATE USER Emulation IDENTIFIED BY &&Emulation_password PASSWORD EXPIRE ACCOUNT LOCK /* DEFAULT TABLESPACE USERS  TEMPORARY TABLESPACE TEMP */
Error report -
ORA-65096: érvénytelen közönséges felhasználónév vagy szerepnév
65096. 00000 -  "invalid common user or role name"
*Cause:    An attempt was made to create a common user or role with a name
           that was not valid for common users or roles. In addition to the
           usual rules for user and role names, common user and role names
           must consist only of ASCII characters, and must contain the prefix
           specified in common_user_prefix parameter.
*Action:   Specify a valid common user or role name.
SQL> GRANT CREATE SESSION, RESOURCE, CREATE VIEW, CREATE MATERIALIZED VIEW, CREATE SYNONYM, UNLIMITED TABLESPACE TO Emulation;

Error starting at line : 32 File @ C:\Users\User\Everything\Suli\Adatb_2\Push\Adatbre_2_allaskereso\oracle_server\oracle_db\generated\2022-03-30_22-14-15\master.sql
In command -
GRANT CREATE SESSION, RESOURCE, CREATE VIEW, CREATE MATERIALIZED VIEW, CREATE SYNONYM, UNLIMITED TABLESPACE TO Emulation
Error report -
ORA-01917: a(z) 'EMULATION' felhasználó vagy szerepkör nem létezik
01917. 00000 -  "user or role '%s' does not exist"
*Cause:    There is not a user or role by that name.
*Action:   Re-specify the name.
SQL> 
SQL> set define on
SQL> prompt connecting to Emulation
connecting to Emulation
SQL> alter session set current_schema=Emulation;

Error starting at line : 36 File @ C:\Users\User\Everything\Suli\Adatb_2\Push\Adatbre_2_allaskereso\oracle_server\oracle_db\generated\2022-03-30_22-14-15\master.sql
In command -
alter session set current_schema=Emulation
Error report -
ORA-01435: a felhasználó nem létezik
01435. 00000 -  "user does not exist"
*Cause:    
*Action:
SQL> set define off
SQL> set define on
SQL> prompt connecting to allaskereso_db
connecting to allaskereso_db
SQL> alter session set current_schema=allaskereso_db;

Error starting at line : 40 File @ C:\Users\User\Everything\Suli\Adatb_2\Push\Adatbre_2_allaskereso\oracle_server\oracle_db\generated\2022-03-30_22-14-15\master.sql
In command -
alter session set current_schema=allaskereso_db
Error report -
ORA-01435: a felhasználó nem létezik
01435. 00000 -  "user does not exist"
*Cause:    
*Action:
SQL> set define off
SQL> -- DROP TABLE allas CASCADE CONSTRAINTS;
SQL> 
SQL> 
SQL> PROMPT Creating Table allas ...
Creating Table allas ...
SQL> CREATE TABLE allas (
  2    id NUMBER(10,0) NOT NULL,
  3    allas_neve VARCHAR2(200 CHAR) NOT NULL,
  4    allas_leirasa VARCHAR2(9999 CHAR) NOT NULL,
  5    munkakor_id NUMBER(10,0),
  6    hirdeto_id NUMBER(10,0) NOT NULL,
  7    kapcsolat_id NUMBER(10,0) NOT NULL,
  8    diak_vallalhatja NUMBER(3,0) NOT NULL,
  9    helyszin_id NUMBER(10,0),
 10    kezdes_idopontja DATE NOT NULL,
 11    berezes NUMBER(10,0) NOT NULL
 12  );

Error starting at line : 46 File @ C:\Users\User\Everything\Suli\Adatb_2\Push\Adatbre_2_allaskereso\oracle_server\oracle_db\generated\2022-03-30_22-14-15\master.sql
In command -
CREATE TABLE allas (
  id NUMBER(10,0) NOT NULL,
  allas_neve VARCHAR2(200 CHAR) NOT NULL,
  allas_leirasa VARCHAR2(9999 CHAR) NOT NULL,
  munkakor_id NUMBER(10,0),
  hirdeto_id NUMBER(10,0) NOT NULL,
  kapcsolat_id NUMBER(10,0) NOT NULL,
  diak_vallalhatja NUMBER(3,0) NOT NULL,
  helyszin_id NUMBER(10,0),
  kezdes_idopontja DATE NOT NULL,
  berezes NUMBER(10,0) NOT NULL
)
Error report -
ORA-00910: a megadott méret túl hosszú az adattípushoz
00910. 00000 -  "specified length too long for its datatype"
*Cause:    for datatypes CHAR and RAW, the length specified was > 2000;
           otherwise, the length specified was > 4000.
*Action:   use a shorter length or switch to a datatype permitting a
           longer length such as a VARCHAR2, LONG CHAR, or LONG RAW
SQL> 
SQL> 
SQL> ALTER TABLE allas MODIFY (munkakor_id DEFAULT 'NULL');

Error starting at line : 60 File @ C:\Users\User\Everything\Suli\Adatb_2\Push\Adatbre_2_allaskereso\oracle_server\oracle_db\generated\2022-03-30_22-14-15\master.sql
In command -
ALTER TABLE allas MODIFY (munkakor_id DEFAULT 'NULL')
Error report -
ORA-00942: a tábla vagy a nézet nem létezik
00942. 00000 -  "table or view does not exist"
*Cause:    
*Action:
SQL> ALTER TABLE allas MODIFY (helyszin_id DEFAULT 'NULL');

Error starting at line : 61 File @ C:\Users\User\Everything\Suli\Adatb_2\Push\Adatbre_2_allaskereso\oracle_server\oracle_db\generated\2022-03-30_22-14-15\master.sql
In command -
ALTER TABLE allas MODIFY (helyszin_id DEFAULT 'NULL')
Error report -
ORA-00942: a tábla vagy a nézet nem létezik
00942. 00000 -  "table or view does not exist"
*Cause:    
*Action:
SQL> PROMPT Creating Primary Key Constraint PRIMARY_12 on table allas ... 
Creating Primary Key Constraint PRIMARY_12 on table allas ...
SQL> ALTER TABLE allas
  2  ADD CONSTRAINT PRIMARY_12 PRIMARY KEY
  3  (
  4    id
  5  )
  6  ENABLE
  7  ;

Error starting at line : 63 File @ C:\Users\User\Everything\Suli\Adatb_2\Push\Adatbre_2_allaskereso\oracle_server\oracle_db\generated\2022-03-30_22-14-15\master.sql
In command -
ALTER TABLE allas
ADD CONSTRAINT PRIMARY_12 PRIMARY KEY
(
  id
)
ENABLE
Error report -
ORA-00942: a tábla vagy a nézet nem létezik
00942. 00000 -  "table or view does not exist"
*Cause:    
*Action:
SQL> 
SQL> GRANT ALL ON allas TO ROLE_oracle_db;

Error starting at line : 71 File @ C:\Users\User\Everything\Suli\Adatb_2\Push\Adatbre_2_allaskereso\oracle_server\oracle_db\generated\2022-03-30_22-14-15\master.sql
In command -
GRANT ALL ON allas TO ROLE_oracle_db
Error report -
ORA-00942: a tábla vagy a nézet nem létezik
00942. 00000 -  "table or view does not exist"
*Cause:    
*Action:
SQL> -- DROP TABLE diakszovetkezet CASCADE CONSTRAINTS;
SQL> 
SQL> 
SQL> PROMPT Creating Table diakszovetkezet ...
Creating Table diakszovetkezet ...
SQL> CREATE TABLE diakszovetkezet (
  2    id NUMBER(10,0) NOT NULL,
  3    nev VARCHAR2(50 CHAR) NOT NULL
  4  );

Table DIAKSZOVETKEZET created.

SQL> 
SQL> 
SQL> PROMPT Creating Primary Key Constraint PRIMARY_11 on table diakszovetkezet ... 
Creating Primary Key Constraint PRIMARY_11 on table diakszovetkezet ...
SQL> ALTER TABLE diakszovetkezet
  2  ADD CONSTRAINT PRIMARY_11 PRIMARY KEY
  3  (
  4    id
  5  )
  6  ENABLE
  7  ;

Table DIAKSZOVETKEZET altered.

SQL> 
SQL> GRANT ALL ON diakszovetkezet TO ROLE_oracle_db;

Error starting at line : 91 File @ C:\Users\User\Everything\Suli\Adatb_2\Push\Adatbre_2_allaskereso\oracle_server\oracle_db\generated\2022-03-30_22-14-15\master.sql
In command -
GRANT ALL ON diakszovetkezet TO ROLE_oracle_db
Error report -
ORA-01917: a(z) 'ROLE_ORACLE_DB' felhasználó vagy szerepkör nem létezik
01917. 00000 -  "user or role '%s' does not exist"
*Cause:    There is not a user or role by that name.
*Action:   Re-specify the name.
SQL> -- DROP TABLE diakszovetkezetnel_van CASCADE CONSTRAINTS;
SQL> 
SQL> 
SQL> PROMPT Creating Table diakszovetkezetnel_van ...
Creating Table diakszovetkezetnel_van ...
SQL> CREATE TABLE diakszovetkezetnel_van (
  2    diakszovetkezet_id NUMBER(10,0) NOT NULL,
  3    diak_felhasznalo_id NUMBER(10,0) NOT NULL
  4  );

Table DIAKSZOVETKEZETNEL_VAN created.

SQL> 
SQL> 
SQL> 
SQL> GRANT ALL ON diakszovetkezetnel_van TO ROLE_oracle_db;

Error starting at line : 103 File @ C:\Users\User\Everything\Suli\Adatb_2\Push\Adatbre_2_allaskereso\oracle_server\oracle_db\generated\2022-03-30_22-14-15\master.sql
In command -
GRANT ALL ON diakszovetkezetnel_van TO ROLE_oracle_db
Error report -
ORA-01917: a(z) 'ROLE_ORACLE_DB' felhasználó vagy szerepkör nem létezik
01917. 00000 -  "user or role '%s' does not exist"
*Cause:    There is not a user or role by that name.
*Action:   Re-specify the name.
SQL> -- DROP TABLE diak_felhasznalo CASCADE CONSTRAINTS;
SQL> 
SQL> 
SQL> PROMPT Creating Table diak_felhasznalo ...
Creating Table diak_felhasznalo ...
SQL> CREATE TABLE diak_felhasznalo (
  2    id NUMBER(10,0) NOT NULL,
  3    fiokadat_id NUMBER(10,0) NOT NULL,
  4    iskola_id NUMBER(10,0),
  5    vallalat_id NUMBER(10,0)
  6  );

Table DIAK_FELHASZNALO created.

SQL> 
SQL> 
SQL> ALTER TABLE diak_felhasznalo MODIFY (iskola_id DEFAULT 'NULL');

Error starting at line : 116 File @ C:\Users\User\Everything\Suli\Adatb_2\Push\Adatbre_2_allaskereso\oracle_server\oracle_db\generated\2022-03-30_22-14-15\master.sql
In command -
ALTER TABLE diak_felhasznalo MODIFY (iskola_id DEFAULT 'NULL')
Error report -
ORA-01722: érvénytelen szám
01722. 00000 -  "invalid number"
*Cause:    The specified number was invalid.
*Action:   Specify a valid number.
SQL> ALTER TABLE diak_felhasznalo MODIFY (vallalat_id DEFAULT 'NULL');

Error starting at line : 117 File @ C:\Users\User\Everything\Suli\Adatb_2\Push\Adatbre_2_allaskereso\oracle_server\oracle_db\generated\2022-03-30_22-14-15\master.sql
In command -
ALTER TABLE diak_felhasznalo MODIFY (vallalat_id DEFAULT 'NULL')
Error report -
ORA-01722: érvénytelen szám
01722. 00000 -  "invalid number"
*Cause:    The specified number was invalid.
*Action:   Specify a valid number.
SQL> PROMPT Creating Primary Key Constraint PRIMARY_13 on table diak_felhasznalo ... 
Creating Primary Key Constraint PRIMARY_13 on table diak_felhasznalo ...
SQL> ALTER TABLE diak_felhasznalo
  2  ADD CONSTRAINT PRIMARY_13 PRIMARY KEY
  3  (
  4    id
  5  )
  6  ENABLE
  7  ;

Table DIAK_FELHASZNALO altered.

SQL> 
SQL> GRANT ALL ON diak_felhasznalo TO ROLE_oracle_db;

Error starting at line : 127 File @ C:\Users\User\Everything\Suli\Adatb_2\Push\Adatbre_2_allaskereso\oracle_server\oracle_db\generated\2022-03-30_22-14-15\master.sql
In command -
GRANT ALL ON diak_felhasznalo TO ROLE_oracle_db
Error report -
ORA-01917: a(z) 'ROLE_ORACLE_DB' felhasználó vagy szerepkör nem létezik
01917. 00000 -  "user or role '%s' does not exist"
*Cause:    There is not a user or role by that name.
*Action:   Re-specify the name.
SQL> -- DROP TABLE egyeb_feltetelek CASCADE CONSTRAINTS;
SQL> 
SQL> 
SQL> PROMPT Creating Table egyeb_feltetelek ...
Creating Table egyeb_feltetelek ...
SQL> CREATE TABLE egyeb_feltetelek (
  2    id NUMBER(10,0) NOT NULL,
  3    kell_jogsi NUMBER(3,0) NOT NULL,
  4    munkatapasztalat_ev NUMBER(10,0) NOT NULL,
  5    egyeb_feltetelek VARCHAR2(50 CHAR)
  6  );

Table EGYEB_FELTETELEK created.

SQL> 
SQL> 
SQL> ALTER TABLE egyeb_feltetelek MODIFY (egyeb_feltetelek DEFAULT 'NULL');

Table EGYEB_FELTETELEK altered.

SQL> PROMPT Creating Primary Key Constraint PRIMARY_6 on table egyeb_feltetelek ... 
Creating Primary Key Constraint PRIMARY_6 on table egyeb_feltetelek ...
SQL> ALTER TABLE egyeb_feltetelek
  2  ADD CONSTRAINT PRIMARY_6 PRIMARY KEY
  3  (
  4    id
  5  )
  6  ENABLE
  7  ;

Table EGYEB_FELTETELEK altered.

SQL> 
SQL> GRANT ALL ON egyeb_feltetelek TO ROLE_oracle_db;

Error starting at line : 150 File @ C:\Users\User\Everything\Suli\Adatb_2\Push\Adatbre_2_allaskereso\oracle_server\oracle_db\generated\2022-03-30_22-14-15\master.sql
In command -
GRANT ALL ON egyeb_feltetelek TO ROLE_oracle_db
Error report -
ORA-01917: a(z) 'ROLE_ORACLE_DB' felhasználó vagy szerepkör nem létezik
01917. 00000 -  "user or role '%s' does not exist"
*Cause:    There is not a user or role by that name.
*Action:   Re-specify the name.
SQL> -- DROP TABLE fiokadatok CASCADE CONSTRAINTS;
SQL> 
SQL> 
SQL> PROMPT Creating Table fiokadatok ...
Creating Table fiokadatok ...
SQL> CREATE TABLE fiokadatok (
  2    id NUMBER(10,0) NOT NULL,
  3    email VARCHAR2(50 CHAR) NOT NULL,
  4    jelszo VARCHAR2(50 CHAR) NOT NULL,
  5    fiok_tipusa NUMBER(10,0),
  6    szemelyes_adatok_id NUMBER(10,0),
  7    admin_e NUMBER(3,0) NOT NULL
  8  );

Table FIOKADATOK created.

SQL> 
SQL> 
SQL> ALTER TABLE fiokadatok MODIFY (fiok_tipusa DEFAULT 'NULL');

Error starting at line : 165 File @ C:\Users\User\Everything\Suli\Adatb_2\Push\Adatbre_2_allaskereso\oracle_server\oracle_db\generated\2022-03-30_22-14-15\master.sql
In command -
ALTER TABLE fiokadatok MODIFY (fiok_tipusa DEFAULT 'NULL')
Error report -
ORA-01722: érvénytelen szám
01722. 00000 -  "invalid number"
*Cause:    The specified number was invalid.
*Action:   Specify a valid number.
SQL> ALTER TABLE fiokadatok MODIFY (szemelyes_adatok_id DEFAULT 'NULL');

Error starting at line : 166 File @ C:\Users\User\Everything\Suli\Adatb_2\Push\Adatbre_2_allaskereso\oracle_server\oracle_db\generated\2022-03-30_22-14-15\master.sql
In command -
ALTER TABLE fiokadatok MODIFY (szemelyes_adatok_id DEFAULT 'NULL')
Error report -
ORA-01722: érvénytelen szám
01722. 00000 -  "invalid number"
*Cause:    The specified number was invalid.
*Action:   Specify a valid number.
SQL> PROMPT Creating Primary Key Constraint PRIMARY_1 on table fiokadatok ... 
Creating Primary Key Constraint PRIMARY_1 on table fiokadatok ...
SQL> ALTER TABLE fiokadatok
  2  ADD CONSTRAINT PRIMARY_1 PRIMARY KEY
  3  (
  4    id
  5  )
  6  ENABLE
  7  ;

Table FIOKADATOK altered.

SQL> 
SQL> GRANT ALL ON fiokadatok TO ROLE_oracle_db;

Error starting at line : 176 File @ C:\Users\User\Everything\Suli\Adatb_2\Push\Adatbre_2_allaskereso\oracle_server\oracle_db\generated\2022-03-30_22-14-15\master.sql
In command -
GRANT ALL ON fiokadatok TO ROLE_oracle_db
Error report -
ORA-01917: a(z) 'ROLE_ORACLE_DB' felhasználó vagy szerepkör nem létezik
01917. 00000 -  "user or role '%s' does not exist"
*Cause:    There is not a user or role by that name.
*Action:   Re-specify the name.
SQL> -- DROP TABLE helyszin CASCADE CONSTRAINTS;
SQL> 
SQL> 
SQL> PROMPT Creating Table helyszin ...
Creating Table helyszin ...
SQL> CREATE TABLE helyszin (
  2    id NUMBER(10,0) NOT NULL,
  3    orszag VARCHAR2(50 CHAR) NOT NULL,
  4    varos VARCHAR2(50 CHAR) NOT NULL,
  5    tavolrol_vegezheto_e NUMBER(3,0) NOT NULL
  6  );

Table HELYSZIN created.

SQL> 
SQL> 
SQL> PROMPT Creating Primary Key Constraint PRIMARY_8 on table helyszin ... 
Creating Primary Key Constraint PRIMARY_8 on table helyszin ...
SQL> ALTER TABLE helyszin
  2  ADD CONSTRAINT PRIMARY_8 PRIMARY KEY
  3  (
  4    id
  5  )
  6  ENABLE
  7  ;

Table HELYSZIN altered.

SQL> 
SQL> GRANT ALL ON helyszin TO ROLE_oracle_db;

Error starting at line : 198 File @ C:\Users\User\Everything\Suli\Adatb_2\Push\Adatbre_2_allaskereso\oracle_server\oracle_db\generated\2022-03-30_22-14-15\master.sql
In command -
GRANT ALL ON helyszin TO ROLE_oracle_db
Error report -
ORA-01917: a(z) 'ROLE_ORACLE_DB' felhasználó vagy szerepkör nem létezik
01917. 00000 -  "user or role '%s' does not exist"
*Cause:    There is not a user or role by that name.
*Action:   Re-specify the name.
SQL> -- DROP TABLE hirdeto CASCADE CONSTRAINTS;
SQL> 
SQL> 
SQL> PROMPT Creating Table hirdeto ...
Creating Table hirdeto ...
SQL> CREATE TABLE hirdeto (
  2    id NUMBER(10,0) NOT NULL,
  3    fiokadatok_id NUMBER(10,0) NOT NULL,
  4    vallalat_id NUMBER(10,0) NOT NULL
  5  );

Table HIRDETO created.

SQL> 
SQL> 
SQL> PROMPT Creating Primary Key Constraint PRIMARY on table hirdeto ... 
Creating Primary Key Constraint PRIMARY on table hirdeto ...
SQL> ALTER TABLE hirdeto
  2  ADD CONSTRAINT PRIMARY PRIMARY KEY
  3  (
  4    id
  5  )
  6  ENABLE
  7  ;

Table HIRDETO altered.

SQL> 
SQL> GRANT ALL ON hirdeto TO ROLE_oracle_db;

Error starting at line : 219 File @ C:\Users\User\Everything\Suli\Adatb_2\Push\Adatbre_2_allaskereso\oracle_server\oracle_db\generated\2022-03-30_22-14-15\master.sql
In command -
GRANT ALL ON hirdeto TO ROLE_oracle_db
Error report -
ORA-01917: a(z) 'ROLE_ORACLE_DB' felhasználó vagy szerepkör nem létezik
01917. 00000 -  "user or role '%s' does not exist"
*Cause:    There is not a user or role by that name.
*Action:   Re-specify the name.
SQL> -- DROP TABLE iskola CASCADE CONSTRAINTS;
SQL> 
SQL> 
SQL> PROMPT Creating Table iskola ...
Creating Table iskola ...
SQL> CREATE TABLE iskola (
  2    id NUMBER(10,0) NOT NULL,
  3    nev VARCHAR2(50 CHAR) NOT NULL,
  4    varhato_befejezes NUMBER(10,0) NOT NULL
  5  );

Table ISKOLA created.

SQL> 
SQL> 
SQL> PROMPT Creating Primary Key Constraint PRIMARY_5 on table iskola ... 
Creating Primary Key Constraint PRIMARY_5 on table iskola ...
SQL> ALTER TABLE iskola
  2  ADD CONSTRAINT PRIMARY_5 PRIMARY KEY
  3  (
  4    id
  5  )
  6  ENABLE
  7  ;

Table ISKOLA altered.

SQL> 
SQL> GRANT ALL ON iskola TO ROLE_oracle_db;

Error starting at line : 240 File @ C:\Users\User\Everything\Suli\Adatb_2\Push\Adatbre_2_allaskereso\oracle_server\oracle_db\generated\2022-03-30_22-14-15\master.sql
In command -
GRANT ALL ON iskola TO ROLE_oracle_db
Error report -
ORA-01917: a(z) 'ROLE_ORACLE_DB' felhasználó vagy szerepkör nem létezik
01917. 00000 -  "user or role '%s' does not exist"
*Cause:    There is not a user or role by that name.
*Action:   Re-specify the name.
SQL> -- DROP TABLE jelentkezok CASCADE CONSTRAINTS;
SQL> 
SQL> 
SQL> PROMPT Creating Table jelentkezok ...
Creating Table jelentkezok ...
SQL> CREATE TABLE jelentkezok (
  2    allas_id NUMBER(10,0) NOT NULL,
  3    normal_felhasznalo_id NUMBER(10,0) NOT NULL
  4  );

Table JELENTKEZOK created.

SQL> 
SQL> 
SQL> 
SQL> GRANT ALL ON jelentkezok TO ROLE_oracle_db;

Error starting at line : 252 File @ C:\Users\User\Everything\Suli\Adatb_2\Push\Adatbre_2_allaskereso\oracle_server\oracle_db\generated\2022-03-30_22-14-15\master.sql
In command -
GRANT ALL ON jelentkezok TO ROLE_oracle_db
Error report -
ORA-01917: a(z) 'ROLE_ORACLE_DB' felhasználó vagy szerepkör nem létezik
01917. 00000 -  "user or role '%s' does not exist"
*Cause:    There is not a user or role by that name.
*Action:   Re-specify the name.
SQL> -- DROP TABLE kapcsolat CASCADE CONSTRAINTS;
SQL> 
SQL> 
SQL> PROMPT Creating Table kapcsolat ...
Creating Table kapcsolat ...
SQL> CREATE TABLE kapcsolat (
  2    id NUMBER(10,0) NOT NULL,
  3    nev VARCHAR2(50 CHAR) NOT NULL,
  4    email VARCHAR2(50 CHAR) NOT NULL,
  5    telefon NUMBER(10,0) NOT NULL
  6  );

Table KAPCSOLAT created.

SQL> 
SQL> 
SQL> PROMPT Creating Primary Key Constraint PRIMARY_2 on table kapcsolat ... 
Creating Primary Key Constraint PRIMARY_2 on table kapcsolat ...
SQL> ALTER TABLE kapcsolat
  2  ADD CONSTRAINT PRIMARY_2 PRIMARY KEY
  3  (
  4    id
  5  )
  6  ENABLE
  7  ;

Table KAPCSOLAT altered.

SQL> 
SQL> GRANT ALL ON kapcsolat TO ROLE_oracle_db;

Error starting at line : 274 File @ C:\Users\User\Everything\Suli\Adatb_2\Push\Adatbre_2_allaskereso\oracle_server\oracle_db\generated\2022-03-30_22-14-15\master.sql
In command -
GRANT ALL ON kapcsolat TO ROLE_oracle_db
Error report -
ORA-01917: a(z) 'ROLE_ORACLE_DB' felhasználó vagy szerepkör nem létezik
01917. 00000 -  "user or role '%s' does not exist"
*Cause:    There is not a user or role by that name.
*Action:   Re-specify the name.
SQL> -- DROP TABLE munkakor CASCADE CONSTRAINTS;
SQL> 
SQL> 
SQL> PROMPT Creating Table munkakor ...
Creating Table munkakor ...
SQL> CREATE TABLE munkakor (
  2    id NUMBER(10,0) NOT NULL,
  3    allas_tipusa VARCHAR2(50 CHAR) NOT NULL,
  4    szuksegse_vegzettseg VARCHAR2(50 CHAR),
  5    egyeb_feltetelek_id NUMBER(10,0)
  6  );

Table MUNKAKOR created.

SQL> 
SQL> 
SQL> ALTER TABLE munkakor MODIFY (szuksegse_vegzettseg DEFAULT 'NULL');

Table MUNKAKOR altered.

SQL> ALTER TABLE munkakor MODIFY (egyeb_feltetelek_id DEFAULT 'NULL');

Error starting at line : 288 File @ C:\Users\User\Everything\Suli\Adatb_2\Push\Adatbre_2_allaskereso\oracle_server\oracle_db\generated\2022-03-30_22-14-15\master.sql
In command -
ALTER TABLE munkakor MODIFY (egyeb_feltetelek_id DEFAULT 'NULL')
Error report -
ORA-01722: érvénytelen szám
01722. 00000 -  "invalid number"
*Cause:    The specified number was invalid.
*Action:   Specify a valid number.
SQL> PROMPT Creating Primary Key Constraint PRIMARY_9 on table munkakor ... 
Creating Primary Key Constraint PRIMARY_9 on table munkakor ...
SQL> ALTER TABLE munkakor
  2  ADD CONSTRAINT PRIMARY_9 PRIMARY KEY
  3  (
  4    id
  5  )
  6  ENABLE
  7  ;

Table MUNKAKOR altered.

SQL> 
SQL> GRANT ALL ON munkakor TO ROLE_oracle_db;

Error starting at line : 298 File @ C:\Users\User\Everything\Suli\Adatb_2\Push\Adatbre_2_allaskereso\oracle_server\oracle_db\generated\2022-03-30_22-14-15\master.sql
In command -
GRANT ALL ON munkakor TO ROLE_oracle_db
Error report -
ORA-01917: a(z) 'ROLE_ORACLE_DB' felhasználó vagy szerepkör nem létezik
01917. 00000 -  "user or role '%s' does not exist"
*Cause:    There is not a user or role by that name.
*Action:   Re-specify the name.
SQL> -- DROP TABLE normal_felhasznalo CASCADE CONSTRAINTS;
SQL> 
SQL> 
SQL> PROMPT Creating Table normal_felhasznalo ...
Creating Table normal_felhasznalo ...
SQL> CREATE TABLE normal_felhasznalo (
  2    id NUMBER(10,0) NOT NULL,
  3    fiokadatok_id NUMBER(10,0) NOT NULL,
  4    vegzettseg_id NUMBER(10,0) NOT NULL,
  5    vallalat_id NUMBER(10,0)
  6  );

Table NORMAL_FELHASZNALO created.

SQL> 
SQL> 
SQL> ALTER TABLE normal_felhasznalo MODIFY (vallalat_id DEFAULT 'NULL');

Error starting at line : 311 File @ C:\Users\User\Everything\Suli\Adatb_2\Push\Adatbre_2_allaskereso\oracle_server\oracle_db\generated\2022-03-30_22-14-15\master.sql
In command -
ALTER TABLE normal_felhasznalo MODIFY (vallalat_id DEFAULT 'NULL')
Error report -
ORA-01722: érvénytelen szám
01722. 00000 -  "invalid number"
*Cause:    The specified number was invalid.
*Action:   Specify a valid number.
SQL> PROMPT Creating Primary Key Constraint PRIMARY_3 on table normal_felhasznalo ... 
Creating Primary Key Constraint PRIMARY_3 on table normal_felhasznalo ...
SQL> ALTER TABLE normal_felhasznalo
  2  ADD CONSTRAINT PRIMARY_3 PRIMARY KEY
  3  (
  4    id
  5  )
  6  ENABLE
  7  ;

Table NORMAL_FELHASZNALO altered.

SQL> 
SQL> GRANT ALL ON normal_felhasznalo TO ROLE_oracle_db;

Error starting at line : 321 File @ C:\Users\User\Everything\Suli\Adatb_2\Push\Adatbre_2_allaskereso\oracle_server\oracle_db\generated\2022-03-30_22-14-15\master.sql
In command -
GRANT ALL ON normal_felhasznalo TO ROLE_oracle_db
Error report -
ORA-01917: a(z) 'ROLE_ORACLE_DB' felhasználó vagy szerepkör nem létezik
01917. 00000 -  "user or role '%s' does not exist"
*Cause:    There is not a user or role by that name.
*Action:   Re-specify the name.
SQL> -- DROP TABLE regisztralt_allasok CASCADE CONSTRAINTS;
SQL> 
SQL> 
SQL> PROMPT Creating Table regisztralt_allasok ...
Creating Table regisztralt_allasok ...
SQL> CREATE TABLE regisztralt_allasok (
  2    allas_id NUMBER(10,0) NOT NULL,
  3    diakszovetkezet_id NUMBER(10,0) NOT NULL
  4  );

Table REGISZTRALT_ALLASOK created.

SQL> 
SQL> 
SQL> 
SQL> GRANT ALL ON regisztralt_allasok TO ROLE_oracle_db;

Error starting at line : 333 File @ C:\Users\User\Everything\Suli\Adatb_2\Push\Adatbre_2_allaskereso\oracle_server\oracle_db\generated\2022-03-30_22-14-15\master.sql
In command -
GRANT ALL ON regisztralt_allasok TO ROLE_oracle_db
Error report -
ORA-01917: a(z) 'ROLE_ORACLE_DB' felhasználó vagy szerepkör nem létezik
01917. 00000 -  "user or role '%s' does not exist"
*Cause:    There is not a user or role by that name.
*Action:   Re-specify the name.
SQL> -- DROP TABLE szemelyes_adatok CASCADE CONSTRAINTS;
SQL> 
SQL> 
SQL> PROMPT Creating Table szemelyes_adatok ...
Creating Table szemelyes_adatok ...
SQL> CREATE TABLE szemelyes_adatok (
  2    id NUMBER(10,0) NOT NULL,
  3    nev VARCHAR2(50 CHAR) NOT NULL,
  4    szuletesi_datum DATE NOT NULL
  5  );

Table SZEMELYES_ADATOK created.

SQL> 
SQL> 
SQL> PROMPT Creating Primary Key Constraint PRIMARY_4 on table szemelyes_adatok ... 
Creating Primary Key Constraint PRIMARY_4 on table szemelyes_adatok ...
SQL> ALTER TABLE szemelyes_adatok
  2  ADD CONSTRAINT PRIMARY_4 PRIMARY KEY
  3  (
  4    id
  5  )
  6  ENABLE
  7  ;

Table SZEMELYES_ADATOK altered.

SQL> 
SQL> GRANT ALL ON szemelyes_adatok TO ROLE_oracle_db;

Error starting at line : 354 File @ C:\Users\User\Everything\Suli\Adatb_2\Push\Adatbre_2_allaskereso\oracle_server\oracle_db\generated\2022-03-30_22-14-15\master.sql
In command -
GRANT ALL ON szemelyes_adatok TO ROLE_oracle_db
Error report -
ORA-01917: a(z) 'ROLE_ORACLE_DB' felhasználó vagy szerepkör nem létezik
01917. 00000 -  "user or role '%s' does not exist"
*Cause:    There is not a user or role by that name.
*Action:   Re-specify the name.
SQL> -- DROP TABLE vallalat CASCADE CONSTRAINTS;
SQL> 
SQL> 
SQL> PROMPT Creating Table vallalat ...
Creating Table vallalat ...
SQL> CREATE TABLE vallalat (
  2    id NUMBER(10,0) NOT NULL,
  3    neve VARCHAR2(50 CHAR) NOT NULL,
  4    tulajdonos VARCHAR2(50 CHAR),
  5    jegyzett_toke NUMBER(10,0),
  6    ertekeles NUMBER(10,0)
  7  );

Table VALLALAT created.

SQL> 
SQL> 
SQL> ALTER TABLE vallalat MODIFY (tulajdonos DEFAULT 'NULL');

Table VALLALAT altered.

SQL> ALTER TABLE vallalat MODIFY (jegyzett_toke DEFAULT 'NULL');

Error starting at line : 369 File @ C:\Users\User\Everything\Suli\Adatb_2\Push\Adatbre_2_allaskereso\oracle_server\oracle_db\generated\2022-03-30_22-14-15\master.sql
In command -
ALTER TABLE vallalat MODIFY (jegyzett_toke DEFAULT 'NULL')
Error report -
ORA-01722: érvénytelen szám
01722. 00000 -  "invalid number"
*Cause:    The specified number was invalid.
*Action:   Specify a valid number.
SQL> ALTER TABLE vallalat MODIFY (ertekeles DEFAULT 'NULL');

Error starting at line : 370 File @ C:\Users\User\Everything\Suli\Adatb_2\Push\Adatbre_2_allaskereso\oracle_server\oracle_db\generated\2022-03-30_22-14-15\master.sql
In command -
ALTER TABLE vallalat MODIFY (ertekeles DEFAULT 'NULL')
Error report -
ORA-01722: érvénytelen szám
01722. 00000 -  "invalid number"
*Cause:    The specified number was invalid.
*Action:   Specify a valid number.
SQL> PROMPT Creating Primary Key Constraint PRIMARY_10 on table vallalat ... 
Creating Primary Key Constraint PRIMARY_10 on table vallalat ...
SQL> ALTER TABLE vallalat
  2  ADD CONSTRAINT PRIMARY_10 PRIMARY KEY
  3  (
  4    id
  5  )
  6  ENABLE
  7  ;

Table VALLALAT altered.

SQL> 
SQL> GRANT ALL ON vallalat TO ROLE_oracle_db;

Error starting at line : 380 File @ C:\Users\User\Everything\Suli\Adatb_2\Push\Adatbre_2_allaskereso\oracle_server\oracle_db\generated\2022-03-30_22-14-15\master.sql
In command -
GRANT ALL ON vallalat TO ROLE_oracle_db
Error report -
ORA-01917: a(z) 'ROLE_ORACLE_DB' felhasználó vagy szerepkör nem létezik
01917. 00000 -  "user or role '%s' does not exist"
*Cause:    There is not a user or role by that name.
*Action:   Re-specify the name.
SQL> -- DROP TABLE vegzettseg CASCADE CONSTRAINTS;
SQL> 
SQL> 
SQL> PROMPT Creating Table vegzettseg ...
Creating Table vegzettseg ...
SQL> CREATE TABLE vegzettseg (
  2    id NUMBER(10,0) NOT NULL,
  3    nev VARCHAR2(50 CHAR) NOT NULL,
  4    intezmeny VARCHAR2(50 CHAR) NOT NULL
  5  );

Table VEGZETTSEG created.

SQL> 
SQL> 
SQL> PROMPT Creating Primary Key Constraint PRIMARY_7 on table vegzettseg ... 
Creating Primary Key Constraint PRIMARY_7 on table vegzettseg ...
SQL> ALTER TABLE vegzettseg
  2  ADD CONSTRAINT PRIMARY_7 PRIMARY KEY
  3  (
  4    id
  5  )
  6  ENABLE
  7  ;

Table VEGZETTSEG altered.

SQL> 
SQL> GRANT ALL ON vegzettseg TO ROLE_oracle_db;

Error starting at line : 401 File @ C:\Users\User\Everything\Suli\Adatb_2\Push\Adatbre_2_allaskereso\oracle_server\oracle_db\generated\2022-03-30_22-14-15\master.sql
In command -
GRANT ALL ON vegzettseg TO ROLE_oracle_db
Error report -
ORA-01917: a(z) 'ROLE_ORACLE_DB' felhasználó vagy szerepkör nem létezik
01917. 00000 -  "user or role '%s' does not exist"
*Cause:    There is not a user or role by that name.
*Action:   Re-specify the name.
SQL> PROMPT Creating Index helyszin_id on allas ...
Creating Index helyszin_id on allas ...
SQL> CREATE INDEX helyszin_id ON allas
  2  (
  3    helyszin_id
  4  ) 
  5  ;

Error starting at line : 403 File @ C:\Users\User\Everything\Suli\Adatb_2\Push\Adatbre_2_allaskereso\oracle_server\oracle_db\generated\2022-03-30_22-14-15\master.sql
In command -
CREATE INDEX helyszin_id ON allas
(
  helyszin_id
)
Error report -
ORA-00942: a tábla vagy a nézet nem létezik
00942. 00000 -  "table or view does not exist"
*Cause:    
*Action:
SQL> PROMPT Creating Index hirdeto_id on allas ...
Creating Index hirdeto_id on allas ...
SQL> CREATE INDEX hirdeto_id ON allas
  2  (
  3    hirdeto_id
  4  ) 
  5  ;

Error starting at line : 409 File @ C:\Users\User\Everything\Suli\Adatb_2\Push\Adatbre_2_allaskereso\oracle_server\oracle_db\generated\2022-03-30_22-14-15\master.sql
In command -
CREATE INDEX hirdeto_id ON allas
(
  hirdeto_id
)
Error report -
ORA-00942: a tábla vagy a nézet nem létezik
00942. 00000 -  "table or view does not exist"
*Cause:    
*Action:
SQL> PROMPT Creating Index kapcsolat_id on allas ...
Creating Index kapcsolat_id on allas ...
SQL> CREATE INDEX kapcsolat_id ON allas
  2  (
  3    kapcsolat_id
  4  ) 
  5  ;

Error starting at line : 415 File @ C:\Users\User\Everything\Suli\Adatb_2\Push\Adatbre_2_allaskereso\oracle_server\oracle_db\generated\2022-03-30_22-14-15\master.sql
In command -
CREATE INDEX kapcsolat_id ON allas
(
  kapcsolat_id
)
Error report -
ORA-00942: a tábla vagy a nézet nem létezik
00942. 00000 -  "table or view does not exist"
*Cause:    
*Action:
SQL> PROMPT Creating Index munkakor_id on allas ...
Creating Index munkakor_id on allas ...
SQL> CREATE INDEX munkakor_id ON allas
  2  (
  3    munkakor_id
  4  ) 
  5  ;

Error starting at line : 421 File @ C:\Users\User\Everything\Suli\Adatb_2\Push\Adatbre_2_allaskereso\oracle_server\oracle_db\generated\2022-03-30_22-14-15\master.sql
In command -
CREATE INDEX munkakor_id ON allas
(
  munkakor_id
)
Error report -
ORA-00942: a tábla vagy a nézet nem létezik
00942. 00000 -  "table or view does not exist"
*Cause:    
*Action:
SQL> PROMPT Creating Index diakszovetkezet_id_1 on diakszovetkezetnel_van ...
Creating Index diakszovetkezet_id_1 on diakszovetkezetnel_van ...
SQL> CREATE INDEX diakszovetkezet_id_1 ON diakszovetkezetnel_van
  2  (
  3    diakszovetkezet_id
  4  ) 
  5  ;

Index DIAKSZOVETKEZET_ID_1 created.

SQL> PROMPT Creating Index diak_felhasznalo_id on diakszovetkezetnel_van ...
Creating Index diak_felhasznalo_id on diakszovetkezetnel_van ...
SQL> CREATE INDEX diak_felhasznalo_id ON diakszovetkezetnel_van
  2  (
  3    diak_felhasznalo_id
  4  ) 
  5  ;

Index DIAK_FELHASZNALO_ID created.

SQL> PROMPT Creating Index fiokadat_id on diak_felhasznalo ...
Creating Index fiokadat_id on diak_felhasznalo ...
SQL> CREATE INDEX fiokadat_id ON diak_felhasznalo
  2  (
  3    fiokadat_id
  4  ) 
  5  ;

Index FIOKADAT_ID created.

SQL> PROMPT Creating Index iskola_id on diak_felhasznalo ...
Creating Index iskola_id on diak_felhasznalo ...
SQL> CREATE INDEX iskola_id ON diak_felhasznalo
  2  (
  3    iskola_id
  4  ) 
  5  ;

Index ISKOLA_ID created.

SQL> PROMPT Creating Index vallalat_id on diak_felhasznalo ...
Creating Index vallalat_id on diak_felhasznalo ...
SQL> CREATE INDEX vallalat_id ON diak_felhasznalo
  2  (
  3    vallalat_id
  4  ) 
  5  ;

Index VALLALAT_ID created.

SQL> PROMPT Creating Index szemelyes_adatok_id on fiokadatok ...
Creating Index szemelyes_adatok_id on fiokadatok ...
SQL> CREATE INDEX szemelyes_adatok_id ON fiokadatok
  2  (
  3    szemelyes_adatok_id
  4  ) 
  5  ;

Index SZEMELYES_ADATOK_ID created.

SQL> PROMPT Creating Index fiokadatok_id_1 on hirdeto ...
Creating Index fiokadatok_id_1 on hirdeto ...
SQL> CREATE INDEX fiokadatok_id_1 ON hirdeto
  2  (
  3    fiokadatok_id
  4  ) 
  5  ;

Index FIOKADATOK_ID_1 created.

SQL> PROMPT Creating Index vallalat_id_2 on hirdeto ...
Creating Index vallalat_id_2 on hirdeto ...
SQL> CREATE INDEX vallalat_id_2 ON hirdeto
  2  (
  3    vallalat_id
  4  ) 
  5  ;

Index VALLALAT_ID_2 created.

SQL> PROMPT Creating Index allas_id on jelentkezok ...
Creating Index allas_id on jelentkezok ...
SQL> CREATE INDEX allas_id ON jelentkezok
  2  (
  3    allas_id
  4  ) 
  5  ;

Index ALLAS_ID created.

SQL> PROMPT Creating Index normal_felhasznalo_id on jelentkezok ...
Creating Index normal_felhasznalo_id on jelentkezok ...
SQL> CREATE INDEX normal_felhasznalo_id ON jelentkezok
  2  (
  3    normal_felhasznalo_id
  4  ) 
  5  ;

Index NORMAL_FELHASZNALO_ID created.

SQL> PROMPT Creating Index egyeb_feltetelek_id on munkakor ...
Creating Index egyeb_feltetelek_id on munkakor ...
SQL> CREATE INDEX egyeb_feltetelek_id ON munkakor
  2  (
  3    egyeb_feltetelek_id
  4  ) 
  5  ;

Index EGYEB_FELTETELEK_ID created.

SQL> PROMPT Creating Index fiokadatok_id on normal_felhasznalo ...
Creating Index fiokadatok_id on normal_felhasznalo ...
SQL> CREATE INDEX fiokadatok_id ON normal_felhasznalo
  2  (
  3    fiokadatok_id
  4  ) 
  5  ;

Index FIOKADATOK_ID created.

SQL> PROMPT Creating Index vallalat_id_1 on normal_felhasznalo ...
Creating Index vallalat_id_1 on normal_felhasznalo ...
SQL> CREATE INDEX vallalat_id_1 ON normal_felhasznalo
  2  (
  3    vallalat_id
  4  ) 
  5  ;

Index VALLALAT_ID_1 created.

SQL> PROMPT Creating Index vegzettseg_id on normal_felhasznalo ...
Creating Index vegzettseg_id on normal_felhasznalo ...
SQL> CREATE INDEX vegzettseg_id ON normal_felhasznalo
  2  (
  3    vegzettseg_id
  4  ) 
  5  ;

Index VEGZETTSEG_ID created.

SQL> PROMPT Creating Index allas_id_1 on regisztralt_allasok ...
Creating Index allas_id_1 on regisztralt_allasok ...
SQL> CREATE INDEX allas_id_1 ON regisztralt_allasok
  2  (
  3    allas_id
  4  ) 
  5  ;

Index ALLAS_ID_1 created.

SQL> PROMPT Creating Index diakszovetkezet_id on regisztralt_allasok ...
Creating Index diakszovetkezet_id on regisztralt_allasok ...
SQL> CREATE INDEX diakszovetkezet_id ON regisztralt_allasok
  2  (
  3    diakszovetkezet_id
  4  ) 
  5  ;

Index DIAKSZOVETKEZET_ID created.

SQL> set define on
SQL> prompt connecting to allaskereso_db
connecting to allaskereso_db
SQL> alter session set current_schema=allaskereso_db;

Error starting at line : 524 File @ C:\Users\User\Everything\Suli\Adatb_2\Push\Adatbre_2_allaskereso\oracle_server\oracle_db\generated\2022-03-30_22-14-15\master.sql
In command -
alter session set current_schema=allaskereso_db
Error report -
ORA-01435: a felhasználó nem létezik
01435. 00000 -  "user does not exist"
*Cause:    
*Action:
SQL> set define off
SQL> PROMPT Creating Foreign Key Constraint allas_ibfk_1 on table helyszin...
Creating Foreign Key Constraint allas_ibfk_1 on table helyszin...
SQL> ALTER TABLE allas
  2  ADD CONSTRAINT allas_ibfk_1 FOREIGN KEY
  3  (
  4    helyszin_id
  5  )
  6  REFERENCES helyszin
  7  (
  8    id
  9  )
 10  ENABLE
 11  ;

Error starting at line : 527 File @ C:\Users\User\Everything\Suli\Adatb_2\Push\Adatbre_2_allaskereso\oracle_server\oracle_db\generated\2022-03-30_22-14-15\master.sql
In command -
ALTER TABLE allas
ADD CONSTRAINT allas_ibfk_1 FOREIGN KEY
(
  helyszin_id
)
REFERENCES helyszin
(
  id
)
ENABLE
Error report -
ORA-00942: a tábla vagy a nézet nem létezik
00942. 00000 -  "table or view does not exist"
*Cause:    
*Action:
SQL> 
SQL> PROMPT Creating Foreign Key Constraint allas_ibfk_2 on table hirdeto...
Creating Foreign Key Constraint allas_ibfk_2 on table hirdeto...
SQL> ALTER TABLE allas
  2  ADD CONSTRAINT allas_ibfk_2 FOREIGN KEY
  3  (
  4    hirdeto_id
  5  )
  6  REFERENCES hirdeto
  7  (
  8    id
  9  )
 10  ENABLE
 11  ;

Error starting at line : 540 File @ C:\Users\User\Everything\Suli\Adatb_2\Push\Adatbre_2_allaskereso\oracle_server\oracle_db\generated\2022-03-30_22-14-15\master.sql
In command -
ALTER TABLE allas
ADD CONSTRAINT allas_ibfk_2 FOREIGN KEY
(
  hirdeto_id
)
REFERENCES hirdeto
(
  id
)
ENABLE
Error report -
ORA-00942: a tábla vagy a nézet nem létezik
00942. 00000 -  "table or view does not exist"
*Cause:    
*Action:
SQL> 
SQL> PROMPT Creating Foreign Key Constraint allas_ibfk_3 on table kapcsolat...
Creating Foreign Key Constraint allas_ibfk_3 on table kapcsolat...
SQL> ALTER TABLE allas
  2  ADD CONSTRAINT allas_ibfk_3 FOREIGN KEY
  3  (
  4    kapcsolat_id
  5  )
  6  REFERENCES kapcsolat
  7  (
  8    id
  9  )
 10  ENABLE
 11  ;

Error starting at line : 553 File @ C:\Users\User\Everything\Suli\Adatb_2\Push\Adatbre_2_allaskereso\oracle_server\oracle_db\generated\2022-03-30_22-14-15\master.sql
In command -
ALTER TABLE allas
ADD CONSTRAINT allas_ibfk_3 FOREIGN KEY
(
  kapcsolat_id
)
REFERENCES kapcsolat
(
  id
)
ENABLE
Error report -
ORA-00942: a tábla vagy a nézet nem létezik
00942. 00000 -  "table or view does not exist"
*Cause:    
*Action:
SQL> 
SQL> PROMPT Creating Foreign Key Constraint allas_ibfk_4 on table munkakor...
Creating Foreign Key Constraint allas_ibfk_4 on table munkakor...
SQL> ALTER TABLE allas
  2  ADD CONSTRAINT allas_ibfk_4 FOREIGN KEY
  3  (
  4    munkakor_id
  5  )
  6  REFERENCES munkakor
  7  (
  8    id
  9  )
 10  ENABLE
 11  ;

Error starting at line : 566 File @ C:\Users\User\Everything\Suli\Adatb_2\Push\Adatbre_2_allaskereso\oracle_server\oracle_db\generated\2022-03-30_22-14-15\master.sql
In command -
ALTER TABLE allas
ADD CONSTRAINT allas_ibfk_4 FOREIGN KEY
(
  munkakor_id
)
REFERENCES munkakor
(
  id
)
ENABLE
Error report -
ORA-00942: a tábla vagy a nézet nem létezik
00942. 00000 -  "table or view does not exist"
*Cause:    
*Action:
SQL> 
SQL> PROMPT Creating Foreign Key Constraint diakszovetkezetnel_van_ibfk_1 on table diakszovetkezet...
Creating Foreign Key Constraint diakszovetkezetnel_van_ibfk_1 on table diakszovetkezet...
SQL> ALTER TABLE diakszovetkezetnel_van
  2  ADD CONSTRAINT diakszovetkezetnel_van_ibfk_1 FOREIGN KEY
  3  (
  4    diakszovetkezet_id
  5  )
  6  REFERENCES diakszovetkezet
  7  (
  8    id
  9  )
 10  ENABLE
 11  ;

Table DIAKSZOVETKEZETNEL_VAN altered.

SQL> 
SQL> PROMPT Creating Foreign Key Constraint diakszovetkezetnel_van_ibfk_2 on table diak_felhasznalo...
Creating Foreign Key Constraint diakszovetkezetnel_van_ibfk_2 on table diak_felhasznalo...
SQL> ALTER TABLE diakszovetkezetnel_van
  2  ADD CONSTRAINT diakszovetkezetnel_van_ibfk_2 FOREIGN KEY
  3  (
  4    diak_felhasznalo_id
  5  )
  6  REFERENCES diak_felhasznalo
  7  (
  8    id
  9  )
 10  ENABLE
 11  ;

Table DIAKSZOVETKEZETNEL_VAN altered.

SQL> 
SQL> PROMPT Creating Foreign Key Constraint diak_felhasznalo_ibfk_1 on table fiokadatok...
Creating Foreign Key Constraint diak_felhasznalo_ibfk_1 on table fiokadatok...
SQL> ALTER TABLE diak_felhasznalo
  2  ADD CONSTRAINT diak_felhasznalo_ibfk_1 FOREIGN KEY
  3  (
  4    fiokadat_id
  5  )
  6  REFERENCES fiokadatok
  7  (
  8    id
  9  )
 10  ENABLE
 11  ;

Table DIAK_FELHASZNALO altered.

SQL> 
SQL> PROMPT Creating Foreign Key Constraint diak_felhasznalo_ibfk_2 on table iskola...
Creating Foreign Key Constraint diak_felhasznalo_ibfk_2 on table iskola...
SQL> ALTER TABLE diak_felhasznalo
  2  ADD CONSTRAINT diak_felhasznalo_ibfk_2 FOREIGN KEY
  3  (
  4    iskola_id
  5  )
  6  REFERENCES iskola
  7  (
  8    id
  9  )
 10  ENABLE
 11  ;

Table DIAK_FELHASZNALO altered.

SQL> 
SQL> PROMPT Creating Foreign Key Constraint diak_felhasznalo_ibfk_3 on table vallalat...
Creating Foreign Key Constraint diak_felhasznalo_ibfk_3 on table vallalat...
SQL> ALTER TABLE diak_felhasznalo
  2  ADD CONSTRAINT diak_felhasznalo_ibfk_3 FOREIGN KEY
  3  (
  4    vallalat_id
  5  )
  6  REFERENCES vallalat
  7  (
  8    id
  9  )
 10  ENABLE
 11  ;

Table DIAK_FELHASZNALO altered.

SQL> 
SQL> PROMPT Creating Foreign Key Constraint fiokadatok_ibfk_1 on table szemelyes_adatok...
Creating Foreign Key Constraint fiokadatok_ibfk_1 on table szemelyes_adatok...
SQL> ALTER TABLE fiokadatok
  2  ADD CONSTRAINT fiokadatok_ibfk_1 FOREIGN KEY
  3  (
  4    szemelyes_adatok_id
  5  )
  6  REFERENCES szemelyes_adatok
  7  (
  8    id
  9  )
 10  ENABLE
 11  ;

Table FIOKADATOK altered.

SQL> 
SQL> PROMPT Creating Foreign Key Constraint hirdeto_ibfk_1 on table fiokadatok...
Creating Foreign Key Constraint hirdeto_ibfk_1 on table fiokadatok...
SQL> ALTER TABLE hirdeto
  2  ADD CONSTRAINT hirdeto_ibfk_1 FOREIGN KEY
  3  (
  4    fiokadatok_id
  5  )
  6  REFERENCES fiokadatok
  7  (
  8    id
  9  )
 10  ENABLE
 11  ;

Table HIRDETO altered.

SQL> 
SQL> PROMPT Creating Foreign Key Constraint hirdeto_ibfk_2 on table vallalat...
Creating Foreign Key Constraint hirdeto_ibfk_2 on table vallalat...
SQL> ALTER TABLE hirdeto
  2  ADD CONSTRAINT hirdeto_ibfk_2 FOREIGN KEY
  3  (
  4    vallalat_id
  5  )
  6  REFERENCES vallalat
  7  (
  8    id
  9  )
 10  ENABLE
 11  ;

Table HIRDETO altered.

SQL> 
SQL> PROMPT Creating Foreign Key Constraint jelentkezok_ibfk_1 on table allas...
Creating Foreign Key Constraint jelentkezok_ibfk_1 on table allas...
SQL> ALTER TABLE jelentkezok
  2  ADD CONSTRAINT jelentkezok_ibfk_1 FOREIGN KEY
  3  (
  4    allas_id
  5  )
  6  REFERENCES allas
  7  (
  8    id
  9  )
 10  ENABLE
 11  ;

Error starting at line : 683 File @ C:\Users\User\Everything\Suli\Adatb_2\Push\Adatbre_2_allaskereso\oracle_server\oracle_db\generated\2022-03-30_22-14-15\master.sql
In command -
ALTER TABLE jelentkezok
ADD CONSTRAINT jelentkezok_ibfk_1 FOREIGN KEY
(
  allas_id
)
REFERENCES allas
(
  id
)
ENABLE
Error report -
ORA-00942: a tábla vagy a nézet nem létezik
00942. 00000 -  "table or view does not exist"
*Cause:    
*Action:
SQL> 
SQL> PROMPT Creating Foreign Key Constraint jelentkezok_ibfk_2 on table normal_felhasznalo...
Creating Foreign Key Constraint jelentkezok_ibfk_2 on table normal_felhasznalo...
SQL> ALTER TABLE jelentkezok
  2  ADD CONSTRAINT jelentkezok_ibfk_2 FOREIGN KEY
  3  (
  4    normal_felhasznalo_id
  5  )
  6  REFERENCES normal_felhasznalo
  7  (
  8    id
  9  )
 10  ENABLE
 11  ;

Table JELENTKEZOK altered.

SQL> 
SQL> PROMPT Creating Foreign Key Constraint munkakor_ibfk_1 on table egyeb_feltetelek...
Creating Foreign Key Constraint munkakor_ibfk_1 on table egyeb_feltetelek...
SQL> ALTER TABLE munkakor
  2  ADD CONSTRAINT munkakor_ibfk_1 FOREIGN KEY
  3  (
  4    egyeb_feltetelek_id
  5  )
  6  REFERENCES egyeb_feltetelek
  7  (
  8    id
  9  )
 10  ENABLE
 11  ;

Table MUNKAKOR altered.

SQL> 
SQL> PROMPT Creating Foreign Key Constraint normal_felhasznalo_ibfk_1 on table fiokadatok...
Creating Foreign Key Constraint normal_felhasznalo_ibfk_1 on table fiokadatok...
SQL> ALTER TABLE normal_felhasznalo
  2  ADD CONSTRAINT normal_felhasznalo_ibfk_1 FOREIGN KEY
  3  (
  4    fiokadatok_id
  5  )
  6  REFERENCES fiokadatok
  7  (
  8    id
  9  )
 10  ENABLE
 11  ;

Table NORMAL_FELHASZNALO altered.

SQL> 
SQL> PROMPT Creating Foreign Key Constraint normal_felhasznalo_ibfk_2 on table vallalat...
Creating Foreign Key Constraint normal_felhasznalo_ibfk_2 on table vallalat...
SQL> ALTER TABLE normal_felhasznalo
  2  ADD CONSTRAINT normal_felhasznalo_ibfk_2 FOREIGN KEY
  3  (
  4    vallalat_id
  5  )
  6  REFERENCES vallalat
  7  (
  8    id
  9  )
 10  ENABLE
 11  ;

Table NORMAL_FELHASZNALO altered.

SQL> 
SQL> PROMPT Creating Foreign Key Constraint normal_felhasznalo_ibfk_3 on table vegzettseg...
Creating Foreign Key Constraint normal_felhasznalo_ibfk_3 on table vegzettseg...
SQL> ALTER TABLE normal_felhasznalo
  2  ADD CONSTRAINT normal_felhasznalo_ibfk_3 FOREIGN KEY
  3  (
  4    vegzettseg_id
  5  )
  6  REFERENCES vegzettseg
  7  (
  8    id
  9  )
 10  ENABLE
 11  ;

Table NORMAL_FELHASZNALO altered.

SQL> 
SQL> PROMPT Creating Foreign Key Constraint regisztralt_allasok_ibfk_1 on table allas...
Creating Foreign Key Constraint regisztralt_allasok_ibfk_1 on table allas...
SQL> ALTER TABLE regisztralt_allasok
  2  ADD CONSTRAINT regisztralt_allasok_ibfk_1 FOREIGN KEY
  3  (
  4    allas_id
  5  )
  6  REFERENCES allas
  7  (
  8    id
  9  )
 10  ENABLE
 11  ;

Error starting at line : 761 File @ C:\Users\User\Everything\Suli\Adatb_2\Push\Adatbre_2_allaskereso\oracle_server\oracle_db\generated\2022-03-30_22-14-15\master.sql
In command -
ALTER TABLE regisztralt_allasok
ADD CONSTRAINT regisztralt_allasok_ibfk_1 FOREIGN KEY
(
  allas_id
)
REFERENCES allas
(
  id
)
ENABLE
Error report -
ORA-00942: a tábla vagy a nézet nem létezik
00942. 00000 -  "table or view does not exist"
*Cause:    
*Action:
SQL> 
SQL> PROMPT Creating Foreign Key Constraint regisztralt_allasok_ibfk_2 on table diakszovetkezet...
Creating Foreign Key Constraint regisztralt_allasok_ibfk_2 on table diakszovetkezet...
SQL> ALTER TABLE regisztralt_allasok
  2  ADD CONSTRAINT regisztralt_allasok_ibfk_2 FOREIGN KEY
  3  (
  4    diakszovetkezet_id
  5  )
  6  REFERENCES diakszovetkezet
  7  (
  8    id
  9  )
 10  ENABLE
 11  ;

Table REGISZTRALT_ALLASOK altered.

SQL> 
SQL> spool off;
SQL> 
SQL> COMMIT;

Commit complete.

